[2026-06-09 06:17:27] Dedicated Server berjalan aktif di 127.0.0.1:5025. Menunggu antrean matchmaking...
[2026-06-09 06:17:35] Player P1 terhubung ke ROOM_01.
[2026-06-09 06:17:36] Player P1 terputus dari jaringan. Slot dibersihkan.
[2026-06-09 06:19:55] Dedicated Server berjalan aktif di 127.0.0.1:5025. Menunggu antrean matchmaking...
[2026-06-09 06:20:02] Player P1 terhubung ke ROOM_01.
[2026-06-09 06:20:09] Dedicated Server berjalan aktif di 127.0.0.1:5025. Menunggu antrean matchmaking...
[2026-06-09 06:20:17] Player P2 terhubung ke ROOM_01.
[2026-06-09 06:20:26] ROOM_01 diperbarui: bidadari.mp3 | Speed: 4.5
[2026-06-09 06:20:26] Player P1 terputus dari jaringan. Slot dibersihkan.
[2026-06-09 06:20:42] Player P2 terputus dari jaringan. Slot dibersihkan.
[2026-06-09 06:22:08] Player P3 terhubung ke ROOM_01.
[2026-06-09 06:22:22] Player P4 terhubung ke ROOM_01.
[2026-06-09 06:22:29] Player P3 terputus dari jaringan. Slot dibersihkan.
[2026-06-09 06:22:31] Player P4 terputus dari jaringan. Slot dibersihkan.
[2026-06-09 06:22:49] Player P5 terhubung ke ROOM_01.
[2026-06-09 06:22:54] Player P6 terhubung ke ROOM_01.
[2026-06-09 06:23:21] Player P6 status Ready = True
[2026-06-09 06:23:23] Player P5 status Ready = True
[2026-06-09 06:23:23] Matchmaking selesai. ROOM_01 memulai permainan!
[2026-06-09 06:23:27] Player P5 terputus dari jaringan. Slot dibersihkan.
[2026-06-09 06:23:30] Player P6 terputus dari jaringan. Slot dibersihkan.
[2026-06-09 06:39:09] Dedicated Server berjalan aktif di 127.0.0.1:5025. Menunggu antrean matchmaking...
[2026-06-09 06:39:14] Player P1 terhubung ke ROOM_01.
[2026-06-09 06:39:18] ROOM_01 diperbarui: bidadari.mp3 | Speed: 4.5
[2026-06-09 06:39:19] Player P1 status Ready = True
[2026-06-09 06:39:29] ROOM_01 diperbarui: dropdead.mp3 | Speed: 4.5
[2026-06-09 06:39:30] ROOM_01 diperbarui: dropdead.mp3 | Speed: 4.5
[2026-06-09 06:39:30] ROOM_01 diperbarui: bidadari.mp3 | Speed: 4.5
[2026-06-09 06:39:31] ROOM_01 diperbarui: selfcontrol.mp3 | Speed: 4.5
[2026-06-09 06:39:31] ROOM_01 diperbarui: dropdead.mp3 | Speed: 4.5
[2026-06-09 06:39:35] ROOM_01 diperbarui: dropdead.mp3 | Speed: 4.5
[2026-06-09 06:39:36] Player P1 terputus dari jaringan. Slot dibersihkan.
