[2026-06-09 06:17:27] Dedicated Server berjalan aktif di 127.0.0.1:5025. Menunggu antrean matchmaking...
[2026-06-09 06:17:35] Player P1 terhubung ke ROOM_01.
[2026-06-09 06:17:36] Player P1 terputus dari jaringan. Slot dibersihkan.
[2026-06-09 06:19:55] Dedicated Server berjalan aktif di 127.0.0.1:5025. Menunggu antrean matchmaking...
[2026-06-09 06:20:02] Player P1 terhubung ke ROOM_01.
[2026-06-09 06:20:09] Dedicated Server berjalan aktif di 127.0.0.1:5025. Menunggu antrean matchmaking...
[2026-06-09 06:20:17] Player P2 terhubung ke ROOM_01.
[2026-06-09 06:20:26] ROOM_01 diperbarui: bidadari.mp3 | Speed: 4.5
[2026-06-09 06:20:26] Player P1 terputus dari jaringan. Slot dibersihkan.
[2026-06-09 06:20:42] Player P2 terputus dari jaringan. Slot dibersihkan.
[2026-06-09 06:22:08] Player P3 terhubung ke ROOM_01.
[2026-06-09 06:22:22] Player P4 terhubung ke ROOM_01.
[2026-06-09 06:22:29] Player P3 terputus dari jaringan. Slot dibersihkan.
[2026-06-09 06:22:31] Player P4 terputus dari jaringan. Slot dibersihkan.
[2026-06-09 06:22:49] Player P5 terhubung ke ROOM_01.
[2026-06-09 06:22:54] Player P6 terhubung ke ROOM_01.
[2026-06-09 06:23:21] Player P6 status Ready = True
[2026-06-09 06:23:23] Player P5 status Ready = True
[2026-06-09 06:23:23] Matchmaking selesai. ROOM_01 memulai permainan!
[2026-06-09 06:23:27] Player P5 terputus dari jaringan. Slot dibersihkan.
[2026-06-09 06:23:30] Player P6 terputus dari jaringan. Slot dibersihkan.
[2026-06-09 06:39:09] Dedicated Server berjalan aktif di 127.0.0.1:5025. Menunggu antrean matchmaking...
[2026-06-09 06:39:14] Player P1 terhubung ke ROOM_01.
[2026-06-09 06:39:18] ROOM_01 diperbarui: bidadari.mp3 | Speed: 4.5
[2026-06-09 06:39:19] Player P1 status Ready = True
[2026-06-09 06:39:29] ROOM_01 diperbarui: dropdead.mp3 | Speed: 4.5
[2026-06-09 06:39:30] ROOM_01 diperbarui: dropdead.mp3 | Speed: 4.5
[2026-06-09 06:39:30] ROOM_01 diperbarui: bidadari.mp3 | Speed: 4.5
[2026-06-09 06:39:31] ROOM_01 diperbarui: selfcontrol.mp3 | Speed: 4.5
[2026-06-09 06:39:31] ROOM_01 diperbarui: dropdead.mp3 | Speed: 4.5
[2026-06-09 06:39:35] ROOM_01 diperbarui: dropdead.mp3 | Speed: 4.5
[2026-06-09 06:39:36] Player P1 terputus dari jaringan. Slot dibersihkan.
[2026-06-13 18:22:54] Dedicated Server NetBeat aktif di 127.0.0.1:5025. Menunggu matchmaking...
[2026-06-13 18:23:02] Player P1 terhubung ke ROOM_01.
[2026-06-13 18:23:22] Player P2 terhubung ke ROOM_01.
[2026-06-13 18:23:43] ROOM_02 diperbarui: bidadari.mp3 | Speed: 4.5
[2026-06-13 18:23:45] ROOM_02 diperbarui: bidadari.mp3 | Speed: 4.5
[2026-06-13 18:23:59] [ROOM_02] Player P1 status Ready = True
[2026-06-13 18:24:00] [ROOM_02] Player P1 status Ready = False
[2026-06-13 18:24:01] [ROOM_02] Player P1 status Ready = True
[2026-06-13 18:24:03] [ROOM_01] Player P2 status Ready = True
[2026-06-13 18:24:06] [ROOM_01] Player P2 status Ready = False
[2026-06-13 18:24:14] [ROOM_02] Player P2 status Ready = True
[2026-06-13 18:24:16] [ROOM_02] Player P1 status Ready = False
[2026-06-13 18:24:16] [ROOM_02] Player P1 status Ready = True
[2026-06-13 18:24:17] [ROOM_02] Player P1 status Ready = False
[2026-06-13 18:24:18] [ROOM_02] Player P1 status Ready = True
[2026-06-13 18:24:20] [ROOM_02] Player P2 status Ready = False
[2026-06-13 18:24:26] Player P2 terputus dari jaringan ROOM_01. Slot dibersihkan.
[2026-06-13 18:24:28] [ROOM_02] Player P1 status Ready = False
[2026-06-13 18:24:30] ROOM_02 diperbarui: bidadari.mp3 | Speed: 4.5
[2026-06-13 18:24:31] Player P1 terputus dari jaringan ROOM_01. Slot dibersihkan.
[2026-06-13 18:24:37] Player P3 terhubung ke ROOM_01.
[2026-06-13 18:24:44] [ROOM_01] Player P3 status Ready = True
[2026-06-13 18:25:07] Player P4 terhubung ke ROOM_01.
[2026-06-13 18:25:11] [ROOM_01] Player P4 status Ready = True
[2026-06-13 18:25:11] Matchmaking selesai. ROOM_01 memulai permainan!
[2026-06-13 18:25:58] Player P3 terputus dari jaringan ROOM_01. Slot dibersihkan.
[2026-06-13 18:26:03] Player P4 terputus dari jaringan ROOM_01. Slot dibersihkan.
[2026-06-13 18:28:53] Dedicated Server NetBeat aktif di 127.0.0.1:5025. Menunggu matchmaking...
[2026-06-13 18:29:21] Dedicated Server NetBeat aktif di 127.0.0.1:5025. Menunggu matchmaking...
[2026-06-13 18:36:15] Dedicated Server NetBeat aktif di 127.0.0.1:5025. Menunggu matchmaking...
[2026-06-13 18:38:03] Dedicated Server NetBeat aktif di 127.0.0.1:5025. Menunggu matchmaking...
[2026-06-14 19:28:17] ROOM: ROOM_01 | PLAYER: P1 | STATUS: PING-PONG SUCCESS | EST_LATENCY: 0 ms
[2026-06-14 19:28:19] ROOM: ROOM_01 | PLAYER: P1 | STATUS: PING-PONG SUCCESS | EST_LATENCY: 0 ms
[2026-06-14 19:28:21] ROOM: ROOM_01 | PLAYER: P1 | STATUS: PING-PONG SUCCESS | EST_LATENCY: 0 ms
[2026-06-14 19:28:23] ROOM: ROOM_01 | PLAYER: P1 | STATUS: PING-PONG SUCCESS | EST_LATENCY: 0 ms
[2026-06-14 19:28:24] ROOM: ROOM_01 | PLAYER: P2 | STATUS: PING-PONG SUCCESS | EST_LATENCY: 0 ms
[2026-06-14 19:28:25] ROOM: ROOM_01 | PLAYER: P1 | STATUS: PING-PONG SUCCESS | EST_LATENCY: 0 ms
[2026-06-14 19:28:26] ROOM: ROOM_01 | PLAYER: P2 | STATUS: PING-PONG SUCCESS | EST_LATENCY: 0 ms
[2026-06-14 19:28:28] ROOM: ROOM_01 | PLAYER: P1 | STATUS: PING-PONG SUCCESS | EST_LATENCY: 0 ms
[2026-06-14 19:28:30] ROOM: ROOM_01 | PLAYER: P1 | STATUS: PING-PONG SUCCESS | EST_LATENCY: 0 ms
[2026-06-14 19:28:30] ROOM: ROOM_01 | PLAYER: P2 | STATUS: PING-PONG SUCCESS | EST_LATENCY: 0 ms
[2026-06-14 19:28:32] ROOM: ROOM_01 | PLAYER: P1 | STATUS: PING-PONG SUCCESS | EST_LATENCY: 0 ms
[2026-06-14 19:28:32] ROOM: ROOM_01 | PLAYER: P2 | STATUS: PING-PONG SUCCESS | EST_LATENCY: 0 ms
[2026-06-14 19:28:34] ROOM: ROOM_01 | PLAYER: P1 | STATUS: PING-PONG SUCCESS | EST_LATENCY: 0 ms
[2026-06-14 19:28:34] ROOM: ROOM_01 | PLAYER: P2 | STATUS: PING-PONG SUCCESS | EST_LATENCY: 0 ms
[2026-06-14 19:28:36] ROOM: ROOM_01 | PLAYER: P1 | STATUS: PING-PONG SUCCESS | EST_LATENCY: 0 ms
[2026-06-14 19:28:36] ROOM: ROOM_01 | PLAYER: P2 | STATUS: PING-PONG SUCCESS | EST_LATENCY: 0 ms
[2026-06-14 19:28:38] ROOM: ROOM_01 | PLAYER: P1 | STATUS: PING-PONG SUCCESS | EST_LATENCY: 0 ms
[2026-06-14 19:28:38] ROOM: ROOM_01 | PLAYER: P2 | STATUS: PING-PONG SUCCESS | EST_LATENCY: 0 ms
[2026-06-14 19:28:40] ROOM: ROOM_01 | PLAYER: P1 | STATUS: PING-PONG SUCCESS | EST_LATENCY: 0 ms
[2026-06-14 19:28:40] ROOM: ROOM_01 | PLAYER: P2 | STATUS: PING-PONG SUCCESS | EST_LATENCY: 0 ms
[2026-06-14 19:28:42] ROOM: ROOM_01 | PLAYER: P1 | STATUS: PING-PONG SUCCESS | EST_LATENCY: 0 ms
[2026-06-14 19:28:42] ROOM: ROOM_01 | PLAYER: P2 | STATUS: PING-PONG SUCCESS | EST_LATENCY: 0 ms
[2026-06-14 19:28:44] ROOM: ROOM_01 | PLAYER: P1 | STATUS: PING-PONG SUCCESS | EST_LATENCY: 0 ms
[2026-06-14 19:28:44] ROOM: ROOM_01 | PLAYER: P2 | STATUS: PING-PONG SUCCESS | EST_LATENCY: 0 ms
[2026-06-14 19:28:46] ROOM: ROOM_01 | PLAYER: P1 | STATUS: PING-PONG SUCCESS | EST_LATENCY: 0 ms
[2026-06-14 19:28:46] ROOM: ROOM_01 | PLAYER: P2 | STATUS: PING-PONG SUCCESS | EST_LATENCY: 0 ms
[2026-06-14 19:28:48] ROOM: ROOM_01 | PLAYER: P1 | STATUS: PING-PONG SUCCESS | EST_LATENCY: 0 ms
[2026-06-14 19:28:48] ROOM: ROOM_01 | PLAYER: P2 | STATUS: PING-PONG SUCCESS | EST_LATENCY: 0 ms
[2026-06-14 19:28:50] ROOM: ROOM_01 | PLAYER: P1 | STATUS: PING-PONG SUCCESS | EST_LATENCY: 0 ms
[2026-06-14 19:28:50] ROOM: ROOM_01 | PLAYER: P2 | STATUS: PING-PONG SUCCESS | EST_LATENCY: 0 ms
[2026-06-14 19:28:52] ROOM: ROOM_01 | PLAYER: P1 | STATUS: PING-PONG SUCCESS | EST_LATENCY: 0 ms
[2026-06-14 19:28:52] ROOM: ROOM_01 | PLAYER: P2 | STATUS: PING-PONG SUCCESS | EST_LATENCY: 0 ms
[2026-06-14 19:28:54] ROOM: ROOM_01 | PLAYER: P1 | STATUS: PING-PONG SUCCESS | EST_LATENCY: 0 ms
[2026-06-14 19:28:54] ROOM: ROOM_01 | PLAYER: P2 | STATUS: PING-PONG SUCCESS | EST_LATENCY: 0 ms
[2026-06-14 19:28:56] ROOM: ROOM_01 | PLAYER: P1 | STATUS: PING-PONG SUCCESS | EST_LATENCY: 0 ms
[2026-06-14 19:28:56] ROOM: ROOM_01 | PLAYER: P2 | STATUS: PING-PONG SUCCESS | EST_LATENCY: 0 ms
[2026-06-14 19:28:58] ROOM: ROOM_01 | PLAYER: P1 | STATUS: PING-PONG SUCCESS | EST_LATENCY: 0 ms
[2026-06-14 19:28:58] ROOM: ROOM_01 | PLAYER: P2 | STATUS: PING-PONG SUCCESS | EST_LATENCY: 0 ms
[2026-06-14 19:29:00] ROOM: ROOM_01 | PLAYER: P1 | STATUS: PING-PONG SUCCESS | EST_LATENCY: 0 ms
[2026-06-14 19:29:00] ROOM: ROOM_01 | PLAYER: P2 | STATUS: PING-PONG SUCCESS | EST_LATENCY: 0 ms
[2026-06-14 19:29:02] ROOM: ROOM_01 | PLAYER: P1 | STATUS: PING-PONG SUCCESS | EST_LATENCY: 0 ms
[2026-06-14 19:29:02] ROOM: ROOM_01 | PLAYER: P2 | STATUS: PING-PONG SUCCESS | EST_LATENCY: 0 ms
[2026-06-14 19:29:04] ROOM: ROOM_01 | PLAYER: P2 | STATUS: PING-PONG SUCCESS | EST_LATENCY: 0 ms
[2026-06-14 19:29:05] ROOM: ROOM_01 | PLAYER: P1 | STATUS: PING-PONG SUCCESS | EST_LATENCY: 0 ms
[2026-06-14 19:29:06] ROOM: ROOM_01 | PLAYER: P2 | STATUS: PING-PONG SUCCESS | EST_LATENCY: 0 ms
[2026-06-14 19:29:07] ROOM: ROOM_01 | PLAYER: P1 | STATUS: PING-PONG SUCCESS | EST_LATENCY: 0 ms
[2026-06-14 19:29:08] ROOM: ROOM_01 | PLAYER: P2 | STATUS: PING-PONG SUCCESS | EST_LATENCY: 0 ms
[2026-06-14 19:29:09] ROOM: ROOM_01 | PLAYER: P1 | STATUS: PING-PONG SUCCESS | EST_LATENCY: 0 ms
[2026-06-14 19:29:10] ROOM: ROOM_01 | PLAYER: P2 | STATUS: PING-PONG SUCCESS | EST_LATENCY: 0 ms
[2026-06-14 19:29:11] ROOM: ROOM_01 | PLAYER: P1 | STATUS: PING-PONG SUCCESS | EST_LATENCY: 0 ms
[2026-06-14 19:29:13] ROOM: ROOM_01 | PLAYER: P2 | STATUS: PING-PONG SUCCESS | EST_LATENCY: 0 ms
[2026-06-14 19:29:13] ROOM: ROOM_01 | PLAYER: P1 | STATUS: PING-PONG SUCCESS | EST_LATENCY: 0 ms
[2026-06-14 19:29:15] ROOM: ROOM_01 | PLAYER: P2 | STATUS: PING-PONG SUCCESS | EST_LATENCY: 0 ms
[2026-06-14 19:29:15] ROOM: ROOM_01 | PLAYER: P1 | STATUS: PING-PONG SUCCESS | EST_LATENCY: 0 ms
[2026-06-14 19:29:17] ROOM: ROOM_01 | PLAYER: P2 | STATUS: PING-PONG SUCCESS | EST_LATENCY: 0 ms
[2026-06-14 19:29:17] ROOM: ROOM_01 | PLAYER: P1 | STATUS: PING-PONG SUCCESS | EST_LATENCY: 0 ms
[2026-06-14 19:29:19] ROOM: ROOM_01 | PLAYER: P2 | STATUS: PING-PONG SUCCESS | EST_LATENCY: 0 ms
[2026-06-14 19:29:20] ROOM: ROOM_01 | PLAYER: P1 | STATUS: PING-PONG SUCCESS | EST_LATENCY: 0 ms
[2026-06-14 19:29:21] ROOM: ROOM_01 | PLAYER: P2 | STATUS: PING-PONG SUCCESS | EST_LATENCY: 0 ms
[2026-06-14 19:29:23] ROOM: ROOM_01 | PLAYER: P2 | STATUS: PING-PONG SUCCESS | EST_LATENCY: 0 ms
[2026-06-14 19:29:23] ROOM: ROOM_01 | PLAYER: P1 | STATUS: PING-PONG SUCCESS | EST_LATENCY: 0 ms
[2026-06-14 19:29:25] ROOM: ROOM_01 | PLAYER: P1 | STATUS: PING-PONG SUCCESS | EST_LATENCY: 0 ms
[2026-06-14 19:29:25] ROOM: ROOM_01 | PLAYER: P2 | STATUS: PING-PONG SUCCESS | EST_LATENCY: 0 ms
[2026-06-14 19:29:26] ROOM: ROOM_01 | PLAYER: P2 | STATUS: CONNECTION CLOSED FORCIBLY
[2026-06-14 19:29:27] ROOM: ROOM_01 | PLAYER: P1 | STATUS: CONNECTION CLOSED FORCIBLY
[2026-06-14 19:30:22] ROOM: ROOM_01 | PLAYER: P1 | STATUS: PING-PONG SUCCESS | EST_LATENCY: 0 ms
[2026-06-14 19:30:24] ROOM: ROOM_01 | PLAYER: P1 | STATUS: PING-PONG SUCCESS | EST_LATENCY: 0 ms
[2026-06-14 19:30:24] ROOM: ROOM_01 | PLAYER: P2 | STATUS: PING-PONG SUCCESS | EST_LATENCY: 0 ms
[2026-06-14 19:30:26] ROOM: ROOM_01 | PLAYER: P1 | STATUS: PING-PONG SUCCESS | EST_LATENCY: 0 ms
[2026-06-14 19:30:26] ROOM: ROOM_01 | PLAYER: P2 | STATUS: PING-PONG SUCCESS | EST_LATENCY: 0 ms
[2026-06-14 19:30:28] ROOM: ROOM_01 | PLAYER: P1 | STATUS: PING-PONG SUCCESS | EST_LATENCY: 0 ms
[2026-06-14 19:30:28] ROOM: ROOM_01 | PLAYER: P2 | STATUS: PING-PONG SUCCESS | EST_LATENCY: 0 ms
[2026-06-14 19:30:30] ROOM: ROOM_01 | PLAYER: P1 | STATUS: PING-PONG SUCCESS | EST_LATENCY: 0 ms
[2026-06-14 19:30:30] ROOM: ROOM_01 | PLAYER: P2 | STATUS: PING-PONG SUCCESS | EST_LATENCY: 0 ms
[2026-06-14 19:30:30] ROOM: ROOM_02 | PLAYER: P1 | STATUS: PING-PONG SUCCESS | EST_LATENCY: 0 ms
[2026-06-14 19:30:31] ROOM: ROOM_01 | PLAYER: P1 | STATUS: PING-PONG SUCCESS | EST_LATENCY: 0 ms
[2026-06-14 19:30:32] ROOM: ROOM_01 | PLAYER: P2 | STATUS: PING-PONG SUCCESS | EST_LATENCY: 0 ms
[2026-06-14 19:30:32] ROOM: ROOM_02 | PLAYER: P1 | STATUS: PING-PONG SUCCESS | EST_LATENCY: 0 ms
[2026-06-14 19:30:33] ROOM: ROOM_01 | PLAYER: P1 | STATUS: PING-PONG SUCCESS | EST_LATENCY: 0 ms
[2026-06-14 19:30:34] ROOM: ROOM_01 | PLAYER: P2 | STATUS: PING-PONG SUCCESS | EST_LATENCY: 0 ms
[2026-06-14 19:30:34] ROOM: ROOM_02 | PLAYER: P1 | STATUS: PING-PONG SUCCESS | EST_LATENCY: 0 ms
[2026-06-14 19:30:35] ROOM: ROOM_02 | PLAYER: P2 | STATUS: PING-PONG SUCCESS | EST_LATENCY: 0 ms
[2026-06-14 19:30:35] ROOM: ROOM_01 | PLAYER: P1 | STATUS: PING-PONG SUCCESS | EST_LATENCY: 0 ms
[2026-06-14 19:30:36] ROOM: ROOM_01 | PLAYER: P2 | STATUS: PING-PONG SUCCESS | EST_LATENCY: 0 ms
[2026-06-14 19:30:36] ROOM: ROOM_02 | PLAYER: P1 | STATUS: PING-PONG SUCCESS | EST_LATENCY: 0 ms
[2026-06-14 19:30:37] ROOM: ROOM_02 | PLAYER: P2 | STATUS: PING-PONG SUCCESS | EST_LATENCY: 0 ms
[2026-06-14 19:30:37] ROOM: ROOM_01 | PLAYER: P1 | STATUS: PING-PONG SUCCESS | EST_LATENCY: 0 ms
[2026-06-14 19:30:38] ROOM: ROOM_01 | PLAYER: P2 | STATUS: PING-PONG SUCCESS | EST_LATENCY: 0 ms
[2026-06-14 19:30:38] ROOM: ROOM_02 | PLAYER: P1 | STATUS: PING-PONG SUCCESS | EST_LATENCY: 0 ms
[2026-06-14 19:30:39] ROOM: ROOM_02 | PLAYER: P2 | STATUS: PING-PONG SUCCESS | EST_LATENCY: 0 ms
[2026-06-14 19:30:39] ROOM: ROOM_01 | PLAYER: P1 | STATUS: PING-PONG SUCCESS | EST_LATENCY: 0 ms
[2026-06-14 19:30:40] ROOM: ROOM_01 | PLAYER: P2 | STATUS: PING-PONG SUCCESS | EST_LATENCY: 0 ms
[2026-06-14 19:30:40] ROOM: ROOM_02 | PLAYER: P1 | STATUS: PING-PONG SUCCESS | EST_LATENCY: 0 ms
[2026-06-14 19:30:41] ROOM: ROOM_02 | PLAYER: P2 | STATUS: PING-PONG SUCCESS | EST_LATENCY: 0 ms
[2026-06-14 19:30:41] ROOM: ROOM_01 | PLAYER: P1 | STATUS: PING-PONG SUCCESS | EST_LATENCY: 0 ms
[2026-06-14 19:30:42] ROOM: ROOM_01 | PLAYER: P2 | STATUS: PING-PONG SUCCESS | EST_LATENCY: 0 ms
[2026-06-14 19:30:42] ROOM: ROOM_02 | PLAYER: P1 | STATUS: PING-PONG SUCCESS | EST_LATENCY: 0 ms
[2026-06-14 19:30:43] ROOM: ROOM_02 | PLAYER: P2 | STATUS: PING-PONG SUCCESS | EST_LATENCY: 0 ms
[2026-06-14 19:30:43] ROOM: ROOM_01 | PLAYER: P1 | STATUS: PING-PONG SUCCESS | EST_LATENCY: 0 ms
[2026-06-14 19:30:44] ROOM: ROOM_01 | PLAYER: P2 | STATUS: PING-PONG SUCCESS | EST_LATENCY: 0 ms
[2026-06-14 19:30:44] ROOM: ROOM_02 | PLAYER: P1 | STATUS: PING-PONG SUCCESS | EST_LATENCY: 0 ms
[2026-06-14 19:30:45] ROOM: ROOM_02 | PLAYER: P2 | STATUS: PING-PONG SUCCESS | EST_LATENCY: 0 ms
[2026-06-14 19:30:45] ROOM: ROOM_01 | PLAYER: P1 | STATUS: PING-PONG SUCCESS | EST_LATENCY: 0 ms
[2026-06-14 19:30:46] ROOM: ROOM_01 | PLAYER: P2 | STATUS: PING-PONG SUCCESS | EST_LATENCY: 0 ms
[2026-06-14 19:30:46] ROOM: ROOM_02 | PLAYER: P1 | STATUS: PING-PONG SUCCESS | EST_LATENCY: 0 ms
[2026-06-14 19:30:47] ROOM: ROOM_02 | PLAYER: P2 | STATUS: PING-PONG SUCCESS | EST_LATENCY: 0 ms
[2026-06-14 19:30:47] ROOM: ROOM_01 | PLAYER: P1 | STATUS: PING-PONG SUCCESS | EST_LATENCY: 0 ms
[2026-06-14 19:30:48] ROOM: ROOM_01 | PLAYER: P2 | STATUS: PING-PONG SUCCESS | EST_LATENCY: 0 ms
[2026-06-14 19:30:48] ROOM: ROOM_02 | PLAYER: P1 | STATUS: PING-PONG SUCCESS | EST_LATENCY: 0 ms
[2026-06-14 19:30:49] ROOM: ROOM_02 | PLAYER: P2 | STATUS: PING-PONG SUCCESS | EST_LATENCY: 0 ms
[2026-06-14 19:30:49] ROOM: ROOM_01 | PLAYER: P1 | STATUS: PING-PONG SUCCESS | EST_LATENCY: 0 ms
[2026-06-14 19:30:50] ROOM: ROOM_01 | PLAYER: P2 | STATUS: PING-PONG SUCCESS | EST_LATENCY: 0 ms
[2026-06-14 19:30:50] ROOM: ROOM_02 | PLAYER: P1 | STATUS: PING-PONG SUCCESS | EST_LATENCY: 0 ms
[2026-06-14 19:30:51] ROOM: ROOM_02 | PLAYER: P2 | STATUS: PING-PONG SUCCESS | EST_LATENCY: 0 ms
[2026-06-14 19:30:51] ROOM: ROOM_01 | PLAYER: P1 | STATUS: PING-PONG SUCCESS | EST_LATENCY: 0 ms
[2026-06-14 19:30:52] ROOM: ROOM_01 | PLAYER: P2 | STATUS: PING-PONG SUCCESS | EST_LATENCY: 0 ms
[2026-06-14 19:30:52] ROOM: ROOM_02 | PLAYER: P1 | STATUS: PING-PONG SUCCESS | EST_LATENCY: 0 ms
[2026-06-14 19:30:53] ROOM: ROOM_02 | PLAYER: P2 | STATUS: PING-PONG SUCCESS | EST_LATENCY: 0 ms
[2026-06-14 19:30:53] ROOM: ROOM_01 | PLAYER: P1 | STATUS: PING-PONG SUCCESS | EST_LATENCY: 0 ms
[2026-06-14 19:30:54] ROOM: ROOM_01 | PLAYER: P2 | STATUS: PING-PONG SUCCESS | EST_LATENCY: 0 ms
[2026-06-14 19:30:54] ROOM: ROOM_02 | PLAYER: P1 | STATUS: PING-PONG SUCCESS | EST_LATENCY: 0 ms
[2026-06-14 19:30:55] ROOM: ROOM_02 | PLAYER: P2 | STATUS: PING-PONG SUCCESS | EST_LATENCY: 0 ms
[2026-06-14 19:30:55] ROOM: ROOM_01 | PLAYER: P1 | STATUS: PING-PONG SUCCESS | EST_LATENCY: 0 ms
[2026-06-14 19:30:56] ROOM: ROOM_01 | PLAYER: P2 | STATUS: PING-PONG SUCCESS | EST_LATENCY: 0 ms
[2026-06-14 19:30:56] ROOM: ROOM_02 | PLAYER: P1 | STATUS: PING-PONG SUCCESS | EST_LATENCY: 0 ms
[2026-06-14 19:30:57] ROOM: ROOM_02 | PLAYER: P2 | STATUS: PING-PONG SUCCESS | EST_LATENCY: 0 ms
[2026-06-14 19:30:57] ROOM: ROOM_01 | PLAYER: P1 | STATUS: PING-PONG SUCCESS | EST_LATENCY: 0 ms
[2026-06-14 19:30:58] ROOM: ROOM_01 | PLAYER: P2 | STATUS: PING-PONG SUCCESS | EST_LATENCY: 0 ms
[2026-06-14 19:30:58] ROOM: ROOM_02 | PLAYER: P1 | STATUS: PING-PONG SUCCESS | EST_LATENCY: 0 ms
[2026-06-14 19:30:59] ROOM: ROOM_02 | PLAYER: P2 | STATUS: PING-PONG SUCCESS | EST_LATENCY: 0 ms
[2026-06-14 19:30:59] ROOM: ROOM_01 | PLAYER: P1 | STATUS: PING-PONG SUCCESS | EST_LATENCY: 0 ms
[2026-06-14 19:31:00] ROOM: ROOM_01 | PLAYER: P2 | STATUS: PING-PONG SUCCESS | EST_LATENCY: 0 ms
[2026-06-14 19:31:00] ROOM: ROOM_02 | PLAYER: P1 | STATUS: PING-PONG SUCCESS | EST_LATENCY: 0 ms
[2026-06-14 19:31:01] ROOM: ROOM_02 | PLAYER: P2 | STATUS: PING-PONG SUCCESS | EST_LATENCY: 0 ms
[2026-06-14 19:31:01] ROOM: ROOM_01 | PLAYER: P1 | STATUS: PING-PONG SUCCESS | EST_LATENCY: 0 ms
[2026-06-14 19:31:02] ROOM: ROOM_01 | PLAYER: P2 | STATUS: PING-PONG SUCCESS | EST_LATENCY: 0 ms
[2026-06-14 19:31:02] ROOM: ROOM_02 | PLAYER: P1 | STATUS: PING-PONG SUCCESS | EST_LATENCY: 0 ms
[2026-06-14 19:31:03] ROOM: ROOM_02 | PLAYER: P2 | STATUS: PING-PONG SUCCESS | EST_LATENCY: 0 ms
[2026-06-14 19:31:03] ROOM: ROOM_01 | PLAYER: P1 | STATUS: PING-PONG SUCCESS | EST_LATENCY: 0 ms
[2026-06-14 19:31:04] ROOM: ROOM_01 | PLAYER: P2 | STATUS: PING-PONG SUCCESS | EST_LATENCY: 0 ms
[2026-06-14 19:31:04] ROOM: ROOM_02 | PLAYER: P1 | STATUS: PING-PONG SUCCESS | EST_LATENCY: 0 ms
[2026-06-14 19:31:05] ROOM: ROOM_02 | PLAYER: P2 | STATUS: PING-PONG SUCCESS | EST_LATENCY: 0 ms
[2026-06-14 19:31:05] ROOM: ROOM_01 | PLAYER: P1 | STATUS: PING-PONG SUCCESS | EST_LATENCY: 0 ms
[2026-06-14 19:31:06] ROOM: ROOM_01 | PLAYER: P2 | STATUS: PING-PONG SUCCESS | EST_LATENCY: 0 ms
[2026-06-14 19:31:06] ROOM: ROOM_02 | PLAYER: P1 | STATUS: PING-PONG SUCCESS | EST_LATENCY: 0 ms
[2026-06-14 19:31:07] ROOM: ROOM_02 | PLAYER: P2 | STATUS: PING-PONG SUCCESS | EST_LATENCY: 0 ms
[2026-06-14 19:31:07] ROOM: ROOM_01 | PLAYER: P1 | STATUS: PING-PONG SUCCESS | EST_LATENCY: 0 ms
[2026-06-14 19:31:08] ROOM: ROOM_01 | PLAYER: P2 | STATUS: PING-PONG SUCCESS | EST_LATENCY: 0 ms
[2026-06-14 19:31:08] ROOM: ROOM_02 | PLAYER: P1 | STATUS: PING-PONG SUCCESS | EST_LATENCY: 0 ms
[2026-06-14 19:31:09] ROOM: ROOM_02 | PLAYER: P2 | STATUS: PING-PONG SUCCESS | EST_LATENCY: 0 ms
[2026-06-14 19:31:09] ROOM: ROOM_01 | PLAYER: P1 | STATUS: PING-PONG SUCCESS | EST_LATENCY: 0 ms
[2026-06-14 19:31:10] ROOM: ROOM_01 | PLAYER: P2 | STATUS: PING-PONG SUCCESS | EST_LATENCY: 0 ms
[2026-06-14 19:31:10] ROOM: ROOM_02 | PLAYER: P1 | STATUS: PING-PONG SUCCESS | EST_LATENCY: 0 ms
[2026-06-14 19:31:11] ROOM: ROOM_02 | PLAYER: P2 | STATUS: PING-PONG SUCCESS | EST_LATENCY: 0 ms
[2026-06-14 19:31:11] ROOM: ROOM_01 | PLAYER: P1 | STATUS: PING-PONG SUCCESS | EST_LATENCY: 0 ms
[2026-06-14 19:31:12] ROOM: ROOM_01 | PLAYER: P2 | STATUS: PING-PONG SUCCESS | EST_LATENCY: 0 ms
[2026-06-14 19:31:12] ROOM: ROOM_02 | PLAYER: P1 | STATUS: PING-PONG SUCCESS | EST_LATENCY: 0 ms
[2026-06-14 19:31:13] ROOM: ROOM_02 | PLAYER: P2 | STATUS: PING-PONG SUCCESS | EST_LATENCY: 0 ms
[2026-06-14 19:31:13] ROOM: ROOM_01 | PLAYER: P1 | STATUS: PING-PONG SUCCESS | EST_LATENCY: 0 ms
[2026-06-14 19:31:14] ROOM: ROOM_01 | PLAYER: P2 | STATUS: PING-PONG SUCCESS | EST_LATENCY: 0 ms
[2026-06-14 19:31:14] ROOM: ROOM_02 | PLAYER: P1 | STATUS: PING-PONG SUCCESS | EST_LATENCY: 0 ms
[2026-06-14 19:31:15] ROOM: ROOM_02 | PLAYER: P2 | STATUS: PING-PONG SUCCESS | EST_LATENCY: 0 ms
[2026-06-14 19:31:15] ROOM: ROOM_01 | PLAYER: P1 | STATUS: PING-PONG SUCCESS | EST_LATENCY: 0 ms
[2026-06-14 19:31:16] ROOM: ROOM_01 | PLAYER: P2 | STATUS: PING-PONG SUCCESS | EST_LATENCY: 0 ms
[2026-06-14 19:31:16] ROOM: ROOM_02 | PLAYER: P1 | STATUS: PING-PONG SUCCESS | EST_LATENCY: 0 ms
[2026-06-14 19:31:17] ROOM: ROOM_02 | PLAYER: P2 | STATUS: PING-PONG SUCCESS | EST_LATENCY: 0 ms
[2026-06-14 19:31:17] ROOM: ROOM_01 | PLAYER: P1 | STATUS: PING-PONG SUCCESS | EST_LATENCY: 0 ms
[2026-06-14 19:31:18] ROOM: ROOM_01 | PLAYER: P2 | STATUS: PING-PONG SUCCESS | EST_LATENCY: 0 ms
[2026-06-14 19:31:18] ROOM: ROOM_02 | PLAYER: P1 | STATUS: PING-PONG SUCCESS | EST_LATENCY: 0 ms
[2026-06-14 19:31:19] ROOM: ROOM_02 | PLAYER: P2 | STATUS: PING-PONG SUCCESS | EST_LATENCY: 0 ms
[2026-06-14 19:31:19] ROOM: ROOM_01 | PLAYER: P1 | STATUS: PING-PONG SUCCESS | EST_LATENCY: 0 ms
[2026-06-14 19:31:20] ROOM: ROOM_01 | PLAYER: P2 | STATUS: PING-PONG SUCCESS | EST_LATENCY: 0 ms
[2026-06-14 19:31:20] ROOM: ROOM_02 | PLAYER: P1 | STATUS: PING-PONG SUCCESS | EST_LATENCY: 0 ms
[2026-06-14 19:31:21] ROOM: ROOM_02 | PLAYER: P2 | STATUS: PING-PONG SUCCESS | EST_LATENCY: 0 ms
[2026-06-14 19:31:21] ROOM: ROOM_01 | PLAYER: P1 | STATUS: PING-PONG SUCCESS | EST_LATENCY: 0 ms
[2026-06-14 19:31:22] ROOM: ROOM_01 | PLAYER: P2 | STATUS: PING-PONG SUCCESS | EST_LATENCY: 0 ms
[2026-06-14 19:31:22] ROOM: ROOM_02 | PLAYER: P1 | STATUS: PING-PONG SUCCESS | EST_LATENCY: 0 ms
[2026-06-14 19:31:23] ROOM: ROOM_02 | PLAYER: P2 | STATUS: PING-PONG SUCCESS | EST_LATENCY: 0 ms
[2026-06-14 19:31:23] ROOM: ROOM_01 | PLAYER: P1 | STATUS: PING-PONG SUCCESS | EST_LATENCY: 0 ms
[2026-06-14 19:31:24] ROOM: ROOM_01 | PLAYER: P2 | STATUS: PING-PONG SUCCESS | EST_LATENCY: 0 ms
[2026-06-14 19:31:24] ROOM: ROOM_02 | PLAYER: P1 | STATUS: PING-PONG SUCCESS | EST_LATENCY: 0 ms
[2026-06-14 19:31:24] ROOM: ROOM_01 | PLAYER: P2 | STATUS: CONNECTION CLOSED FORCIBLY
[2026-06-14 19:31:25] ROOM: ROOM_02 | PLAYER: P2 | STATUS: PING-PONG SUCCESS | EST_LATENCY: 0 ms
[2026-06-14 19:31:25] ROOM: ROOM_01 | PLAYER: P1 | STATUS: PING-PONG SUCCESS | EST_LATENCY: 0 ms
[2026-06-14 19:31:26] ROOM: ROOM_02 | PLAYER: P1 | STATUS: CONNECTION CLOSED FORCIBLY
[2026-06-14 19:31:26] ROOM: ROOM_01 | PLAYER: P1 | STATUS: CONNECTION CLOSED FORCIBLY
[2026-06-14 19:31:26] ROOM: ROOM_02 | PLAYER: P2 | STATUS: CONNECTION CLOSED FORCIBLY
[2026-06-14 19:33:45] ROOM: ROOM_01 | PLAYER: P1 | STATUS: PING-PONG SUCCESS | EST_LATENCY: 0 ms
[2026-06-14 19:33:47] ROOM: ROOM_01 | PLAYER: P1 | STATUS: PING-PONG SUCCESS | EST_LATENCY: 0 ms
[2026-06-14 19:33:49] ROOM: ROOM_01 | PLAYER: P1 | STATUS: PING-PONG SUCCESS | EST_LATENCY: 0 ms
[2026-06-14 19:33:50] ROOM: ROOM_01 | PLAYER: P2 | STATUS: PING-PONG SUCCESS | EST_LATENCY: 0 ms
[2026-06-14 19:33:51] ROOM: ROOM_01 | PLAYER: P1 | STATUS: PING-PONG SUCCESS | EST_LATENCY: 0 ms
[2026-06-14 19:33:52] ROOM: ROOM_01 | PLAYER: P2 | STATUS: PING-PONG SUCCESS | EST_LATENCY: 0 ms
[2026-06-14 19:33:53] ROOM: ROOM_01 | PLAYER: P1 | STATUS: PING-PONG SUCCESS | EST_LATENCY: 0 ms
[2026-06-14 19:33:54] ROOM: ROOM_01 | PLAYER: P2 | STATUS: PING-PONG SUCCESS | EST_LATENCY: 0 ms
[2026-06-14 19:33:55] ROOM: ROOM_01 | PLAYER: P1 | STATUS: PING-PONG SUCCESS | EST_LATENCY: 0 ms
[2026-06-14 19:33:56] ROOM: ROOM_01 | PLAYER: P2 | STATUS: PING-PONG SUCCESS | EST_LATENCY: 0 ms
[2026-06-14 19:33:57] ROOM: ROOM_01 | PLAYER: P1 | STATUS: PING-PONG SUCCESS | EST_LATENCY: 0 ms
[2026-06-14 19:33:58] ROOM: ROOM_01 | PLAYER: P2 | STATUS: PING-PONG SUCCESS | EST_LATENCY: 0 ms
[2026-06-14 19:33:59] ROOM: ROOM_01 | PLAYER: P1 | STATUS: PING-PONG SUCCESS | EST_LATENCY: 0 ms
[2026-06-14 19:34:00] ROOM: ROOM_01 | PLAYER: P2 | STATUS: PING-PONG SUCCESS | EST_LATENCY: 0 ms
[2026-06-14 19:34:01] ROOM: ROOM_01 | PLAYER: P1 | STATUS: PING-PONG SUCCESS | EST_LATENCY: 0 ms
[2026-06-14 19:34:02] ROOM: ROOM_01 | PLAYER: P2 | STATUS: PING-PONG SUCCESS | EST_LATENCY: 0 ms
[2026-06-14 19:34:03] ROOM: ROOM_01 | PLAYER: P1 | STATUS: PING-PONG SUCCESS | EST_LATENCY: 0 ms
[2026-06-14 19:34:04] ROOM: ROOM_01 | PLAYER: P2 | STATUS: PING-PONG SUCCESS | EST_LATENCY: 0 ms
[2026-06-14 19:34:05] PACKET INBOUND <- PLAYER: P1 | TYPE: GAME_UPDATE   | SIZE: 90 Bytes
[2026-06-14 19:34:05] BROADCAST OUTBOUND -> ROOM: ROOM_01 | TYPE: REALTIME_STATE | SIZE: 172 Bytes
[2026-06-14 19:34:05] ROOM: ROOM_01 | PLAYER: P1 | STATUS: PING-PONG SUCCESS | EST_LATENCY: 0 ms
[2026-06-14 19:34:05] PACKET INBOUND <- PLAYER: P1 | TYPE: GAME_UPDATE   | SIZE: 95 Bytes
[2026-06-14 19:34:05] BROADCAST OUTBOUND -> ROOM: ROOM_01 | TYPE: REALTIME_STATE | SIZE: 177 Bytes
[2026-06-14 19:34:06] PACKET INBOUND <- PLAYER: P1 | TYPE: GAME_UPDATE   | SIZE: 107 Bytes
[2026-06-14 19:34:06] BROADCAST OUTBOUND -> ROOM: ROOM_01 | TYPE: REALTIME_STATE | SIZE: 189 Bytes
[2026-06-14 19:34:06] PACKET INBOUND <- PLAYER: P1 | TYPE: GAME_UPDATE   | SIZE: 107 Bytes
[2026-06-14 19:34:06] BROADCAST OUTBOUND -> ROOM: ROOM_01 | TYPE: REALTIME_STATE | SIZE: 189 Bytes
[2026-06-14 19:34:06] ROOM: ROOM_01 | PLAYER: P2 | STATUS: PING-PONG SUCCESS | EST_LATENCY: 0 ms
[2026-06-14 19:34:07] PACKET INBOUND <- PLAYER: P1 | TYPE: GAME_UPDATE   | SIZE: 95 Bytes
[2026-06-14 19:34:07] BROADCAST OUTBOUND -> ROOM: ROOM_01 | TYPE: REALTIME_STATE | SIZE: 177 Bytes
[2026-06-14 19:34:07] ROOM: ROOM_01 | PLAYER: P1 | STATUS: PING-PONG SUCCESS | EST_LATENCY: 0 ms
[2026-06-14 19:34:08] ROOM: ROOM_01 | PLAYER: P2 | STATUS: PING-PONG SUCCESS | EST_LATENCY: 0 ms
[2026-06-14 19:34:09] PACKET INBOUND <- PLAYER: P1 | TYPE: GAME_UPDATE   | SIZE: 86 Bytes
[2026-06-14 19:34:09] BROADCAST OUTBOUND -> ROOM: ROOM_01 | TYPE: REALTIME_STATE | SIZE: 168 Bytes
[2026-06-14 19:34:09] ROOM: ROOM_01 | PLAYER: P1 | STATUS: PING-PONG SUCCESS | EST_LATENCY: 0 ms
[2026-06-14 19:34:10] ROOM: ROOM_01 | PLAYER: P2 | STATUS: PING-PONG SUCCESS | EST_LATENCY: 0 ms
[2026-06-14 19:34:11] ROOM: ROOM_01 | PLAYER: P1 | STATUS: PING-PONG SUCCESS | EST_LATENCY: 0 ms
[2026-06-14 19:34:12] PACKET INBOUND <- PLAYER: P1 | TYPE: GAME_UPDATE   | SIZE: 100 Bytes
[2026-06-14 19:34:12] BROADCAST OUTBOUND -> ROOM: ROOM_01 | TYPE: REALTIME_STATE | SIZE: 182 Bytes
[2026-06-14 19:34:12] PACKET INBOUND <- PLAYER: P2 | TYPE: GAME_UPDATE   | SIZE: 100 Bytes
[2026-06-14 19:34:12] BROADCAST OUTBOUND -> ROOM: ROOM_01 | TYPE: REALTIME_STATE | SIZE: 196 Bytes
[2026-06-14 19:34:12] ROOM: ROOM_01 | PLAYER: P2 | STATUS: PING-PONG SUCCESS | EST_LATENCY: 0 ms
[2026-06-14 19:34:13] ROOM: ROOM_01 | PLAYER: P1 | STATUS: PING-PONG SUCCESS | EST_LATENCY: 0 ms
[2026-06-14 19:34:14] ROOM: ROOM_01 | PLAYER: P2 | STATUS: PING-PONG SUCCESS | EST_LATENCY: 0 ms
[2026-06-14 19:34:15] ROOM: ROOM_01 | PLAYER: P1 | STATUS: PING-PONG SUCCESS | EST_LATENCY: 0 ms
[2026-06-14 19:34:16] PACKET INBOUND <- PLAYER: P2 | TYPE: GAME_UPDATE   | SIZE: 100 Bytes
[2026-06-14 19:34:16] PACKET INBOUND <- PLAYER: P1 | TYPE: GAME_UPDATE   | SIZE: 100 Bytes
[2026-06-14 19:34:16] BROADCAST OUTBOUND -> ROOM: ROOM_01 | TYPE: REALTIME_STATE | SIZE: 196 Bytes
[2026-06-14 19:34:16] BROADCAST OUTBOUND -> ROOM: ROOM_01 | TYPE: REALTIME_STATE | SIZE: 196 Bytes
[2026-06-14 19:34:16] ROOM: ROOM_01 | PLAYER: P2 | STATUS: PING-PONG SUCCESS | EST_LATENCY: 0 ms
[2026-06-14 19:34:17] ROOM: ROOM_01 | PLAYER: P1 | STATUS: PING-PONG SUCCESS | EST_LATENCY: 0 ms
[2026-06-14 19:34:18] ROOM: ROOM_01 | PLAYER: P2 | STATUS: PING-PONG SUCCESS | EST_LATENCY: 0 ms
[2026-06-14 19:34:19] ROOM: ROOM_01 | PLAYER: P1 | STATUS: PING-PONG SUCCESS | EST_LATENCY: 0 ms
[2026-06-14 19:34:20] PACKET INBOUND <- PLAYER: P2 | TYPE: GAME_UPDATE   | SIZE: 100 Bytes
[2026-06-14 19:34:20] BROADCAST OUTBOUND -> ROOM: ROOM_01 | TYPE: REALTIME_STATE | SIZE: 196 Bytes
[2026-06-14 19:34:20] PACKET INBOUND <- PLAYER: P1 | TYPE: GAME_UPDATE   | SIZE: 100 Bytes
[2026-06-14 19:34:20] BROADCAST OUTBOUND -> ROOM: ROOM_01 | TYPE: REALTIME_STATE | SIZE: 196 Bytes
[2026-06-14 19:34:20] ROOM: ROOM_01 | PLAYER: P2 | STATUS: PING-PONG SUCCESS | EST_LATENCY: 0 ms
[2026-06-14 19:34:21] ROOM: ROOM_01 | PLAYER: P1 | STATUS: PING-PONG SUCCESS | EST_LATENCY: 0 ms
[2026-06-14 19:34:22] ROOM: ROOM_01 | PLAYER: P2 | STATUS: PING-PONG SUCCESS | EST_LATENCY: 0 ms
[2026-06-14 19:34:23] ROOM: ROOM_01 | PLAYER: P1 | STATUS: PING-PONG SUCCESS | EST_LATENCY: 0 ms
[2026-06-14 19:34:24] PACKET INBOUND <- PLAYER: P1 | TYPE: GAME_UPDATE   | SIZE: 107 Bytes
[2026-06-14 19:34:24] BROADCAST OUTBOUND -> ROOM: ROOM_01 | TYPE: REALTIME_STATE | SIZE: 203 Bytes
[2026-06-14 19:34:24] PACKET INBOUND <- PLAYER: P2 | TYPE: GAME_UPDATE   | SIZE: 100 Bytes
[2026-06-14 19:34:24] BROADCAST OUTBOUND -> ROOM: ROOM_01 | TYPE: REALTIME_STATE | SIZE: 203 Bytes
[2026-06-14 19:34:24] ROOM: ROOM_01 | PLAYER: P2 | STATUS: PING-PONG SUCCESS | EST_LATENCY: 0 ms
[2026-06-14 19:34:25] ROOM: ROOM_01 | PLAYER: P1 | STATUS: PING-PONG SUCCESS | EST_LATENCY: 0 ms
[2026-06-14 19:34:26] ROOM: ROOM_01 | PLAYER: P2 | STATUS: PING-PONG SUCCESS | EST_LATENCY: 0 ms
[2026-06-14 19:34:27] ROOM: ROOM_01 | PLAYER: P1 | STATUS: PING-PONG SUCCESS | EST_LATENCY: 0 ms
[2026-06-14 19:34:28] PACKET INBOUND <- PLAYER: P1 | TYPE: GAME_UPDATE   | SIZE: 107 Bytes
[2026-06-14 19:34:28] BROADCAST OUTBOUND -> ROOM: ROOM_01 | TYPE: REALTIME_STATE | SIZE: 203 Bytes
[2026-06-14 19:34:28] ROOM: ROOM_01 | PLAYER: P2 | STATUS: PING-PONG SUCCESS | EST_LATENCY: 0 ms
[2026-06-14 19:34:28] PACKET INBOUND <- PLAYER: P2 | TYPE: GAME_UPDATE   | SIZE: 100 Bytes
[2026-06-14 19:34:28] BROADCAST OUTBOUND -> ROOM: ROOM_01 | TYPE: REALTIME_STATE | SIZE: 203 Bytes
[2026-06-14 19:34:29] ROOM: ROOM_01 | PLAYER: P1 | STATUS: PING-PONG SUCCESS | EST_LATENCY: 0 ms
[2026-06-14 19:34:30] ROOM: ROOM_01 | PLAYER: P2 | STATUS: PING-PONG SUCCESS | EST_LATENCY: 0 ms
[2026-06-14 19:34:31] ROOM: ROOM_01 | PLAYER: P1 | STATUS: PING-PONG SUCCESS | EST_LATENCY: 0 ms
[2026-06-14 19:34:32] ROOM: ROOM_01 | PLAYER: P2 | STATUS: PING-PONG SUCCESS | EST_LATENCY: 0 ms
[2026-06-14 19:34:32] PACKET INBOUND <- PLAYER: P1 | TYPE: GAME_UPDATE   | SIZE: 96 Bytes
[2026-06-14 19:34:32] BROADCAST OUTBOUND -> ROOM: ROOM_01 | TYPE: REALTIME_STATE | SIZE: 192 Bytes
[2026-06-14 19:34:32] PACKET INBOUND <- PLAYER: P2 | TYPE: GAME_UPDATE   | SIZE: 100 Bytes
[2026-06-14 19:34:32] BROADCAST OUTBOUND -> ROOM: ROOM_01 | TYPE: REALTIME_STATE | SIZE: 192 Bytes
[2026-06-14 19:34:33] ROOM: ROOM_01 | PLAYER: P1 | STATUS: PING-PONG SUCCESS | EST_LATENCY: 0 ms
[2026-06-14 19:34:34] ROOM: ROOM_01 | PLAYER: P2 | STATUS: PING-PONG SUCCESS | EST_LATENCY: 0 ms
[2026-06-14 19:34:35] ROOM: ROOM_01 | PLAYER: P1 | STATUS: PING-PONG SUCCESS | EST_LATENCY: 0 ms
[2026-06-14 19:34:36] ROOM: ROOM_01 | PLAYER: P2 | STATUS: PING-PONG SUCCESS | EST_LATENCY: 0 ms
[2026-06-14 19:34:36] PACKET INBOUND <- PLAYER: P2 | TYPE: GAME_UPDATE   | SIZE: 100 Bytes
[2026-06-14 19:34:36] BROADCAST OUTBOUND -> ROOM: ROOM_01 | TYPE: REALTIME_STATE | SIZE: 192 Bytes
[2026-06-14 19:34:37] ROOM: ROOM_01 | PLAYER: P1 | STATUS: PING-PONG SUCCESS | EST_LATENCY: 0 ms
[2026-06-14 19:34:38] ROOM: ROOM_01 | PLAYER: P2 | STATUS: PING-PONG SUCCESS | EST_LATENCY: 0 ms
[2026-06-14 19:34:39] ROOM: ROOM_01 | PLAYER: P1 | STATUS: PING-PONG SUCCESS | EST_LATENCY: 0 ms
[2026-06-14 19:34:40] ROOM: ROOM_01 | PLAYER: P2 | STATUS: PING-PONG SUCCESS | EST_LATENCY: 0 ms
[2026-06-14 19:34:41] ROOM: ROOM_01 | PLAYER: P1 | STATUS: PING-PONG SUCCESS | EST_LATENCY: 0 ms
[2026-06-14 19:34:42] ROOM: ROOM_01 | PLAYER: P2 | STATUS: PING-PONG SUCCESS | EST_LATENCY: 0 ms
[2026-06-14 19:34:43] ROOM: ROOM_01 | PLAYER: P1 | STATUS: PING-PONG SUCCESS | EST_LATENCY: 0 ms
[2026-06-14 19:34:43] ROOM: ROOM_01 | PLAYER: P1 | STATUS: CONNECTION CLOSED FORCIBLY
[2026-06-14 19:34:44] ROOM: ROOM_01 | PLAYER: P2 | STATUS: PING-PONG SUCCESS | EST_LATENCY: 0 ms
[2026-06-14 19:34:45] ROOM: ROOM_01 | PLAYER: P2 | STATUS: CONNECTION CLOSED FORCIBLY
[2026-06-14 19:46:14] ROOM: ROOM_01 | PLAYER: P1 | STATUS: PING-PONG SUCCESS | EST_LATENCY: 0 ms
[2026-06-14 19:46:16] ROOM: ROOM_01 | PLAYER: P1 | STATUS: PING-PONG SUCCESS | EST_LATENCY: 0 ms
[2026-06-14 19:46:18] ROOM: ROOM_01 | PLAYER: P1 | STATUS: PING-PONG SUCCESS | EST_LATENCY: 0 ms
[2026-06-14 19:46:20] ROOM: ROOM_01 | PLAYER: P1 | STATUS: PING-PONG SUCCESS | EST_LATENCY: 0 ms
[2026-06-14 19:46:22] ROOM: ROOM_01 | PLAYER: P1 | STATUS: PING-PONG SUCCESS | EST_LATENCY: 0 ms
[2026-06-14 19:46:24] ROOM: ROOM_01 | PLAYER: P1 | STATUS: PING-PONG SUCCESS | EST_LATENCY: 0 ms
[2026-06-14 19:46:26] ROOM: ROOM_01 | PLAYER: P1 | STATUS: PING-PONG SUCCESS | EST_LATENCY: 0 ms
[2026-06-14 19:46:28] ROOM: ROOM_01 | PLAYER: P2 | STATUS: PING-PONG SUCCESS | EST_LATENCY: 0 ms
[2026-06-14 19:46:28] ROOM: ROOM_01 | PLAYER: P1 | STATUS: PING-PONG SUCCESS | EST_LATENCY: 0 ms
[2026-06-14 19:46:30] ROOM: ROOM_01 | PLAYER: P2 | STATUS: PING-PONG SUCCESS | EST_LATENCY: 0 ms
[2026-06-14 19:46:30] ROOM: ROOM_01 | PLAYER: P1 | STATUS: PING-PONG SUCCESS | EST_LATENCY: 0 ms
[2026-06-14 19:46:32] ROOM: ROOM_01 | PLAYER: P2 | STATUS: PING-PONG SUCCESS | EST_LATENCY: 0 ms
[2026-06-14 19:46:32] ROOM: ROOM_01 | PLAYER: P1 | STATUS: PING-PONG SUCCESS | EST_LATENCY: 0 ms
[2026-06-14 19:46:33] ROOM: ROOM_01 | PLAYER: P2 | STATUS: PING-PONG SUCCESS | EST_LATENCY: 0 ms
[2026-06-14 19:46:34] ROOM: ROOM_01 | PLAYER: P1 | STATUS: PING-PONG SUCCESS | EST_LATENCY: 0 ms
[2026-06-14 19:46:35] ROOM: ROOM_01 | PLAYER: P2 | STATUS: PING-PONG SUCCESS | EST_LATENCY: 0 ms
[2026-06-14 19:46:36] ROOM: ROOM_01 | PLAYER: P1 | STATUS: PING-PONG SUCCESS | EST_LATENCY: 0 ms
[2026-06-14 19:46:37] ROOM: ROOM_01 | PLAYER: P2 | STATUS: PING-PONG SUCCESS | EST_LATENCY: 0 ms
[2026-06-14 19:46:38] PACKET INBOUND <- PLAYER: P2 | TYPE: GAME_UPDATE   | SIZE: 100 Bytes
[2026-06-14 19:46:38] BROADCAST OUTBOUND -> ROOM: ROOM_01 | TYPE: REALTIME_STATE | SIZE: 182 Bytes
[2026-06-14 19:46:38] ROOM: ROOM_01 | PLAYER: P1 | STATUS: PING-PONG SUCCESS | EST_LATENCY: 0 ms
[2026-06-14 19:46:39] ROOM: ROOM_01 | PLAYER: P2 | STATUS: PING-PONG SUCCESS | EST_LATENCY: 0 ms
[2026-06-14 19:46:40] ROOM: ROOM_01 | PLAYER: P1 | STATUS: PING-PONG SUCCESS | EST_LATENCY: 0 ms
[2026-06-14 19:46:41] ROOM: ROOM_01 | PLAYER: P2 | STATUS: PING-PONG SUCCESS | EST_LATENCY: 0 ms
[2026-06-14 19:46:42] ROOM: ROOM_01 | PLAYER: P1 | STATUS: PING-PONG SUCCESS | EST_LATENCY: 0 ms
[2026-06-14 19:46:43] ROOM: ROOM_01 | PLAYER: P2 | STATUS: PING-PONG SUCCESS | EST_LATENCY: 0 ms
[2026-06-14 19:46:44] ROOM: ROOM_01 | PLAYER: P1 | STATUS: PING-PONG SUCCESS | EST_LATENCY: 0 ms
[2026-06-14 19:46:45] ROOM: ROOM_01 | PLAYER: P1 | STATUS: CONNECTION CLOSED FORCIBLY
[2026-06-14 19:46:46] ROOM: ROOM_01 | PLAYER: P2 | STATUS: PING-PONG SUCCESS | EST_LATENCY: 0 ms
[2026-06-14 19:46:47] ROOM: ROOM_01 | PLAYER: P2 | STATUS: CONNECTION CLOSED FORCIBLY
[2026-06-14 19:48:40] ROOM: ROOM_01 | PLAYER: P1 | STATUS: PING-PONG SUCCESS | EST_LATENCY: 0 ms
[2026-06-14 19:48:42] ROOM: ROOM_01 | PLAYER: P1 | STATUS: PING-PONG SUCCESS | EST_LATENCY: 0 ms
[2026-06-14 19:48:44] ROOM: ROOM_01 | PLAYER: P1 | STATUS: PING-PONG SUCCESS | EST_LATENCY: 0 ms
[2026-06-14 19:48:44] ROOM: ROOM_01 | PLAYER: P2 | STATUS: PING-PONG SUCCESS | EST_LATENCY: 0 ms
[2026-06-14 19:48:46] ROOM: ROOM_01 | PLAYER: P1 | STATUS: PING-PONG SUCCESS | EST_LATENCY: 0 ms
[2026-06-14 19:48:46] ROOM: ROOM_01 | PLAYER: P2 | STATUS: PING-PONG SUCCESS | EST_LATENCY: 0 ms
[2026-06-14 19:48:48] ROOM: ROOM_01 | PLAYER: P1 | STATUS: PING-PONG SUCCESS | EST_LATENCY: 0 ms
[2026-06-14 19:48:48] ROOM: ROOM_01 | PLAYER: P2 | STATUS: PING-PONG SUCCESS | EST_LATENCY: 0 ms
[2026-06-14 19:48:50] ROOM: ROOM_02 | PLAYER: P1 | STATUS: PING-PONG SUCCESS | EST_LATENCY: 0 ms
[2026-06-14 19:48:50] ROOM: ROOM_01 | PLAYER: P2 | STATUS: PING-PONG SUCCESS | EST_LATENCY: 0 ms
[2026-06-14 19:48:52] ROOM: ROOM_02 | PLAYER: P1 | STATUS: PING-PONG SUCCESS | EST_LATENCY: 0 ms
[2026-06-14 19:48:52] ROOM: ROOM_01 | PLAYER: P2 | STATUS: PING-PONG SUCCESS | EST_LATENCY: 0 ms
[2026-06-14 19:48:54] ROOM: ROOM_02 | PLAYER: P1 | STATUS: PING-PONG SUCCESS | EST_LATENCY: 0 ms
[2026-06-14 19:48:54] ROOM: ROOM_01 | PLAYER: P2 | STATUS: PING-PONG SUCCESS | EST_LATENCY: 0 ms
[2026-06-14 19:48:56] ROOM: ROOM_02 | PLAYER: P1 | STATUS: PING-PONG SUCCESS | EST_LATENCY: 0 ms
[2026-06-14 19:48:56] ROOM: ROOM_01 | PLAYER: P2 | STATUS: PING-PONG SUCCESS | EST_LATENCY: 0 ms
[2026-06-14 19:48:58] ROOM: ROOM_02 | PLAYER: P1 | STATUS: PING-PONG SUCCESS | EST_LATENCY: 0 ms
[2026-06-14 19:48:58] ROOM: ROOM_01 | PLAYER: P2 | STATUS: PING-PONG SUCCESS | EST_LATENCY: 0 ms
[2026-06-14 19:49:00] ROOM: ROOM_02 | PLAYER: P1 | STATUS: PING-PONG SUCCESS | EST_LATENCY: 0 ms
[2026-06-14 19:49:00] ROOM: ROOM_01 | PLAYER: P2 | STATUS: PING-PONG SUCCESS | EST_LATENCY: 0 ms
[2026-06-14 19:49:02] ROOM: ROOM_02 | PLAYER: P1 | STATUS: PING-PONG SUCCESS | EST_LATENCY: 0 ms
[2026-06-14 19:49:02] ROOM: ROOM_01 | PLAYER: P2 | STATUS: PING-PONG SUCCESS | EST_LATENCY: 0 ms
[2026-06-14 19:49:03] ROOM: ROOM_02 | PLAYER: P1 | STATUS: PING-PONG SUCCESS | EST_LATENCY: 0 ms
[2026-06-14 19:49:04] ROOM: ROOM_01 | PLAYER: P2 | STATUS: PING-PONG SUCCESS | EST_LATENCY: 0 ms
[2026-06-14 19:49:05] ROOM: ROOM_02 | PLAYER: P1 | STATUS: PING-PONG SUCCESS | EST_LATENCY: 0 ms
[2026-06-14 19:49:06] ROOM: ROOM_01 | PLAYER: P2 | STATUS: PING-PONG SUCCESS | EST_LATENCY: 0 ms
[2026-06-14 19:49:08] ROOM: ROOM_01 | PLAYER: P2 | STATUS: PING-PONG SUCCESS | EST_LATENCY: 0 ms
[2026-06-14 19:49:08] ROOM: ROOM_02 | PLAYER: P1 | STATUS: PING-PONG SUCCESS | EST_LATENCY: 0 ms
[2026-06-14 19:49:10] ROOM: ROOM_01 | PLAYER: P2 | STATUS: PING-PONG SUCCESS | EST_LATENCY: 0 ms
[2026-06-14 19:49:10] ROOM: ROOM_02 | PLAYER: P1 | STATUS: PING-PONG SUCCESS | EST_LATENCY: 0 ms
[2026-06-14 19:49:12] ROOM: ROOM_01 | PLAYER: P2 | STATUS: PING-PONG SUCCESS | EST_LATENCY: 0 ms
[2026-06-14 19:49:12] ROOM: ROOM_02 | PLAYER: P1 | STATUS: PING-PONG SUCCESS | EST_LATENCY: 0 ms
[2026-06-14 19:49:14] ROOM: ROOM_02 | PLAYER: P1 | STATUS: PING-PONG SUCCESS | EST_LATENCY: 0 ms
[2026-06-14 19:49:15] ROOM: ROOM_01 | PLAYER: P2 | STATUS: PING-PONG SUCCESS | EST_LATENCY: 0 ms
[2026-06-14 19:49:16] ROOM: ROOM_02 | PLAYER: P1 | STATUS: PING-PONG SUCCESS | EST_LATENCY: 0 ms
[2026-06-14 19:49:17] ROOM: ROOM_01 | PLAYER: P2 | STATUS: PING-PONG SUCCESS | EST_LATENCY: 0 ms
[2026-06-14 19:49:18] ROOM: ROOM_02 | PLAYER: P1 | STATUS: PING-PONG SUCCESS | EST_LATENCY: 0 ms
[2026-06-14 19:49:19] ROOM: ROOM_01 | PLAYER: P2 | STATUS: PING-PONG SUCCESS | EST_LATENCY: 0 ms
[2026-06-14 19:49:20] ROOM: ROOM_02 | PLAYER: P1 | STATUS: PING-PONG SUCCESS | EST_LATENCY: 0 ms
[2026-06-14 19:49:21] ROOM: ROOM_01 | PLAYER: P2 | STATUS: PING-PONG SUCCESS | EST_LATENCY: 0 ms
[2026-06-14 19:49:23] ROOM: ROOM_01 | PLAYER: P2 | STATUS: PING-PONG SUCCESS | EST_LATENCY: 0 ms
[2026-06-14 19:49:23] ROOM: ROOM_02 | PLAYER: P1 | STATUS: PING-PONG SUCCESS | EST_LATENCY: 0 ms
[2026-06-14 19:49:25] ROOM: ROOM_01 | PLAYER: P2 | STATUS: PING-PONG SUCCESS | EST_LATENCY: 0 ms
[2026-06-14 19:49:25] ROOM: ROOM_01 | PLAYER: P1 | STATUS: PING-PONG SUCCESS | EST_LATENCY: 0 ms
[2026-06-14 19:49:27] ROOM: ROOM_01 | PLAYER: P2 | STATUS: PING-PONG SUCCESS | EST_LATENCY: 0 ms
[2026-06-14 19:49:27] ROOM: ROOM_01 | PLAYER: P1 | STATUS: CONNECTION CLOSED FORCIBLY
[2026-06-14 19:49:28] ROOM: ROOM_01 | PLAYER: P2 | STATUS: CONNECTION CLOSED FORCIBLY
[2026-06-14 19:49:35] ROOM: ROOM_01 | PLAYER: P1 | STATUS: PING-PONG SUCCESS | EST_LATENCY: 0 ms
[2026-06-14 19:49:37] ROOM: ROOM_01 | PLAYER: P1 | STATUS: PING-PONG SUCCESS | EST_LATENCY: 0 ms
[2026-06-14 19:49:39] ROOM: ROOM_01 | PLAYER: P1 | STATUS: PING-PONG SUCCESS | EST_LATENCY: 0 ms
[2026-06-14 19:49:41] ROOM: ROOM_01 | PLAYER: P1 | STATUS: PING-PONG SUCCESS | EST_LATENCY: 0 ms
[2026-06-14 19:49:43] ROOM: ROOM_01 | PLAYER: P1 | STATUS: PING-PONG SUCCESS | EST_LATENCY: 0 ms
[2026-06-14 19:49:45] ROOM: ROOM_01 | PLAYER: P1 | STATUS: PING-PONG SUCCESS | EST_LATENCY: 0 ms
[2026-06-14 19:49:45] ROOM: ROOM_01 | PLAYER: P2 | STATUS: PING-PONG SUCCESS | EST_LATENCY: 0 ms
[2026-06-14 19:49:47] ROOM: ROOM_01 | PLAYER: P1 | STATUS: PING-PONG SUCCESS | EST_LATENCY: 0 ms
[2026-06-14 19:49:47] ROOM: ROOM_01 | PLAYER: P2 | STATUS: PING-PONG SUCCESS | EST_LATENCY: 0 ms
[2026-06-14 19:49:49] ROOM: ROOM_01 | PLAYER: P1 | STATUS: PING-PONG SUCCESS | EST_LATENCY: 0 ms
[2026-06-14 19:49:49] ROOM: ROOM_01 | PLAYER: P2 | STATUS: PING-PONG SUCCESS | EST_LATENCY: 0 ms
[2026-06-14 19:49:51] ROOM: ROOM_01 | PLAYER: P1 | STATUS: PING-PONG SUCCESS | EST_LATENCY: 0 ms
[2026-06-14 19:49:51] ROOM: ROOM_01 | PLAYER: P2 | STATUS: PING-PONG SUCCESS | EST_LATENCY: 0 ms
[2026-06-14 19:49:51] BROADCAST OUTBOUND -> ROOM: ROOM_01 | TYPE: REALTIME_STATE | SIZE: 172 Bytes
[2026-06-14 19:49:51] PACKET INBOUND <- ROOM: ROOM_01 | PLAYER: P1 | TYPE: GAME_UPDATE | SIZE: 90 Bytes
[2026-06-14 19:49:52] BROADCAST OUTBOUND -> ROOM: ROOM_01 | TYPE: REALTIME_STATE | SIZE: 177 Bytes
[2026-06-14 19:49:52] PACKET INBOUND <- ROOM: ROOM_01 | PLAYER: P1 | TYPE: GAME_UPDATE | SIZE: 95 Bytes
[2026-06-14 19:49:52] BROADCAST OUTBOUND -> ROOM: ROOM_01 | TYPE: REALTIME_STATE | SIZE: 189 Bytes
[2026-06-14 19:49:52] PACKET INBOUND <- ROOM: ROOM_01 | PLAYER: P1 | TYPE: GAME_UPDATE | SIZE: 107 Bytes
[2026-06-14 19:49:53] BROADCAST OUTBOUND -> ROOM: ROOM_01 | TYPE: REALTIME_STATE | SIZE: 189 Bytes
[2026-06-14 19:49:53] PACKET INBOUND <- ROOM: ROOM_01 | PLAYER: P1 | TYPE: GAME_UPDATE | SIZE: 107 Bytes
[2026-06-14 19:49:53] ROOM: ROOM_01 | PLAYER: P1 | STATUS: PING-PONG SUCCESS | EST_LATENCY: 0 ms
[2026-06-14 19:49:53] BROADCAST OUTBOUND -> ROOM: ROOM_01 | TYPE: REALTIME_STATE | SIZE: 177 Bytes
[2026-06-14 19:49:53] PACKET INBOUND <- ROOM: ROOM_01 | PLAYER: P1 | TYPE: GAME_UPDATE | SIZE: 95 Bytes
[2026-06-14 19:49:53] ROOM: ROOM_01 | PLAYER: P2 | STATUS: PING-PONG SUCCESS | EST_LATENCY: 0 ms
[2026-06-14 19:49:53] BROADCAST OUTBOUND -> ROOM: ROOM_01 | TYPE: REALTIME_STATE | SIZE: 172 Bytes
[2026-06-14 19:49:53] PACKET INBOUND <- ROOM: ROOM_01 | PLAYER: P1 | TYPE: GAME_UPDATE | SIZE: 90 Bytes
[2026-06-14 19:49:54] BROADCAST OUTBOUND -> ROOM: ROOM_01 | TYPE: REALTIME_STATE | SIZE: 177 Bytes
[2026-06-14 19:49:54] PACKET INBOUND <- ROOM: ROOM_01 | PLAYER: P1 | TYPE: GAME_UPDATE | SIZE: 95 Bytes
[2026-06-14 19:49:54] BROADCAST OUTBOUND -> ROOM: ROOM_01 | TYPE: REALTIME_STATE | SIZE: 189 Bytes
[2026-06-14 19:49:54] PACKET INBOUND <- ROOM: ROOM_01 | PLAYER: P1 | TYPE: GAME_UPDATE | SIZE: 107 Bytes
[2026-06-14 19:49:54] BROADCAST OUTBOUND -> ROOM: ROOM_01 | TYPE: REALTIME_STATE | SIZE: 203 Bytes
[2026-06-14 19:49:54] PACKET INBOUND <- ROOM: ROOM_01 | PLAYER: P1 | TYPE: GAME_UPDATE | SIZE: 121 Bytes
[2026-06-14 19:49:54] BROADCAST OUTBOUND -> ROOM: ROOM_01 | TYPE: REALTIME_STATE | SIZE: 217 Bytes
[2026-06-14 19:49:54] PACKET INBOUND <- ROOM: ROOM_01 | PLAYER: P2 | TYPE: GAME_UPDATE | SIZE: 100 Bytes
[2026-06-14 19:49:55] ROOM: ROOM_01 | PLAYER: P1 | STATUS: PING-PONG SUCCESS | EST_LATENCY: 0 ms
[2026-06-14 19:49:55] ROOM: ROOM_01 | PLAYER: P2 | STATUS: PING-PONG SUCCESS | EST_LATENCY: 0 ms
[2026-06-14 19:49:56] BROADCAST OUTBOUND -> ROOM: ROOM_01 | TYPE: REALTIME_STATE | SIZE: 201 Bytes
[2026-06-14 19:49:56] PACKET INBOUND <- ROOM: ROOM_01 | PLAYER: P1 | TYPE: GAME_UPDATE | SIZE: 105 Bytes
[2026-06-14 19:49:57] ROOM: ROOM_01 | PLAYER: P1 | STATUS: PING-PONG SUCCESS | EST_LATENCY: 0 ms
[2026-06-14 19:49:57] ROOM: ROOM_01 | PLAYER: P2 | STATUS: PING-PONG SUCCESS | EST_LATENCY: 0 ms
[2026-06-14 19:49:59] BROADCAST OUTBOUND -> ROOM: ROOM_01 | TYPE: REALTIME_STATE | SIZE: 196 Bytes
[2026-06-14 19:49:59] PACKET INBOUND <- ROOM: ROOM_01 | PLAYER: P1 | TYPE: GAME_UPDATE | SIZE: 100 Bytes
[2026-06-14 19:49:59] BROADCAST OUTBOUND -> ROOM: ROOM_01 | TYPE: REALTIME_STATE | SIZE: 196 Bytes
[2026-06-14 19:49:59] PACKET INBOUND <- ROOM: ROOM_01 | PLAYER: P2 | TYPE: GAME_UPDATE | SIZE: 100 Bytes
[2026-06-14 19:49:59] ROOM: ROOM_01 | PLAYER: P1 | STATUS: PING-PONG SUCCESS | EST_LATENCY: 0 ms
[2026-06-14 19:49:59] ROOM: ROOM_01 | PLAYER: P2 | STATUS: PING-PONG SUCCESS | EST_LATENCY: 0 ms
[2026-06-14 19:50:01] ROOM: ROOM_01 | PLAYER: P1 | STATUS: PING-PONG SUCCESS | EST_LATENCY: 0 ms
[2026-06-14 19:50:01] ROOM: ROOM_01 | PLAYER: P2 | STATUS: PING-PONG SUCCESS | EST_LATENCY: 0 ms
[2026-06-14 19:50:02] ROOM: ROOM_01 | PLAYER: P1 | STATUS: CONNECTION CLOSED FORCIBLY
[2026-06-14 19:50:03] ROOM: ROOM_01 | PLAYER: P2 | STATUS: CONNECTION CLOSED FORCIBLY
